<root><template lineStart="1"><title>#expr:<template><title>#ifeq:<template><title>#expr:<tplarg><title>1</title></tplarg>&gt;=00</title></template></title><part><name index="1" /><value>1</value></part><part><name index="2" /><value>01<template><title>#ifeq:<template><title>#expr:<tplarg><title>1</title></tplarg>&gt;=01</title></template></title><part><name index="1" /><value>1</value></part><part><name index="2" /><value>*01<template><title>#ifeq:<template><title>#expr:<tplarg><title>1</title></tplarg>&gt;=02</title></template></title><part><name index="1" /><value>1</value></part><part><name index="2" /><value>*02<template><title>#ifeq:<template><title>#expr:<tplarg><title>1</title></tplarg>&gt;=03</title></template></title><part><name index="1" /><value>1</value></part><part><name index="2" /><value>*03<template><title>#ifeq:<template><title>#expr:<tplarg><title>1</title></tplarg>&gt;=04</title></template></title><part><name index="1" /><value>1</value></part><part><name index="2" /><value>*04<template><title>#ifeq:<template><title>#expr:<tplarg><title>1</title></tplarg>&gt;=05</title></template></title><part><name index="1" /><value>1</value></part><part><name index="2" /><value>*05<template><title>#ifeq:<template><title>#expr:<tplarg><title>1</title></tplarg>&gt;=06</title></template></title><part><name index="1" /><value>1</value></part><part><name index="2" /><value>*06<template><title>#ifeq:<template><title>#expr:<tplarg><title>1</title></tplarg>&gt;=07</title></template></title><part><name index="1" /><value>1</value></part><part><name index="2" /><value>*07<template><title>#ifeq:<template><title>#expr:<tplarg><title>1</title></tplarg>&gt;=08</title></template></title><part><name index="1" /><value>1</value></part><part><name index="2" /><value>*08<template><title>#ifeq:<template><title>#expr:<tplarg><title>1</title></tplarg>&gt;=09</title></template></title><part><name index="1" /><value>1</value></part><part><name index="2" /><value>*09<template><title>#ifeq:<template><title>#expr:<tplarg><title>1</title></tplarg>&gt;=10</title></template></title><part><name index="1" /><value>1</value></part><part><name index="2" /><value>*10<template><title>#ifeq:<template><title>#expr:<tplarg><title>1</title></tplarg>&gt;=11</title></template></title><part><name index="1" /><value>1</value></part><part><name index="2" /><value>*11<template><title>#ifeq:<template><title>#expr:<tplarg><title>1</title></tplarg>&gt;=12</title></template></title><part><name index="1" /><value>1</value></part><part><name index="2" /><value>*12<template><title>#ifeq:<template><title>#expr:<tplarg><title>1</title></tplarg>&gt;=13</title></template></title><part><name index="1" /><value>1</value></part><part><name index="2" /><value>*13<template><title>#ifeq:<template><title>#expr:<tplarg><title>1</title></tplarg>&gt;=14</title></template></title><part><name index="1" /><value>1</value></part><part><name index="2" /><value>*14<template><title>#ifeq:<template><title>#expr:<tplarg><title>1</title></tplarg>&gt;=15</title></template></title><part><name index="1" /><value>1</value></part><part><name index="2" /><value>*15<template><title>#ifeq:<template><title>#expr:<tplarg><title>1</title></tplarg>&gt;=16</title></template></title><part><name index="1" /><value>1</value></part><part><name index="2" /><value>*16<template><title>#ifeq:<template><title>#expr:<tplarg><title>1</title></tplarg>&gt;=17</title></template></title><part><name index="1" /><value>1</value></part><part><name index="2" /><value>*17<template><title>#ifeq:<template><title>#expr:<tplarg><title>1</title></tplarg>&gt;=18</title></template></title><part><name index="1" /><value>1</value></part><part><name index="2" /><value>*18<template><title>#ifeq:<template><title>#expr:<tplarg><title>1</title></tplarg>&gt;=19</title></template></title><part><name index="1" /><value>1</value></part><part><name index="2" /><value>*19<template><title>#ifeq:<template><title>#expr:<tplarg><title>1</title></tplarg>&gt;=20</title></template></title><part><name index="1" /><value>1</value></part><part><name index="2" /><value>*20<template><title>#ifeq:<template><title>#expr:<tplarg><title>1</title></tplarg>&gt;=21</title></template></title><part><name index="1" /><value>1</value></part><part><name index="2" /><value>*21<template><title>#ifeq:<template><title>#expr:<tplarg><title>1</title></tplarg>&gt;=22</title></template></title><part><name index="1" /><value>1</value></part><part><name index="2" /><value>*22<template><title>#ifeq:<template><title>#expr:<tplarg><title>1</title></tplarg>&gt;=23</title></template></title><part><name index="1" /><value>1</value></part><part><name index="2" /><value>*23<template><title>#ifeq:<template><title>#expr:<tplarg><title>1</title></tplarg>&gt;=24</title></template></title><part><name index="1" /><value>1</value></part><part><name index="2" /><value>*24<template><title>#ifeq:<template><title>#expr:<tplarg><title>1</title></tplarg>&gt;=25</title></template></title><part><name index="1" /><value>1</value></part><part><name index="2" /><value>*25<template><title>#ifeq:<template><title>#expr:<tplarg><title>1</title></tplarg>&gt;=26</title></template></title><part><name index="1" /><value>1</value></part><part><name index="2" /><value>*26<template><title>#ifeq:<template><title>#expr:<tplarg><title>1</title></tplarg>&gt;=27</title></template></title><part><name index="1" /><value>1</value></part><part><name index="2" /><value>*27<template><title>#ifeq:<template><title>#expr:<tplarg><title>1</title></tplarg>&gt;=28</title></template></title><part><name index="1" /><value>1</value></part><part><name index="2" /><value>*28<template><title>#ifeq:<template><title>#expr:<tplarg><title>1</title></tplarg>&gt;=29</title></template></title><part><name index="1" /><value>1</value></part><part><name index="2" /><value>*29<template><title>#ifeq:<template><title>#expr:<tplarg><title>1</title></tplarg>&gt;=30</title></template></title><part><name index="1" /><value>1</value></part><part><name index="2" /><value>*30<template><title>#ifeq:<template><title>#expr:<tplarg><title>1</title></tplarg>&gt;=31</title></template></title><part><name index="1" /><value>1</value></part><part><name index="2" /><value>*31<template><title>#ifeq:<template><title>#expr:<tplarg><title>1</title></tplarg>&gt;=32</title></template></title><part><name index="1" /><value>1</value></part><part><name index="2" /><value>*32<template><title>#ifeq:<template><title>#expr:<tplarg><title>1</title></tplarg>&gt;=33</title></template></title><part><name index="1" /><value>1</value></part><part><name index="2" /><value>*33<template><title>#ifeq:<template><title>#expr:<tplarg><title>1</title></tplarg>&gt;=34</title></template></title><part><name index="1" /><value>1</value></part><part><name index="2" /><value>*34<template><title>#ifeq:<template><title>#expr:<tplarg><title>1</title></tplarg>&gt;=35</title></template></title><part><name index="1" /><value>1</value></part><part><name index="2" /><value>*35<template><title>#ifeq:<template><title>#expr:<tplarg><title>1</title></tplarg>&gt;=36</title></template></title><part><name index="1" /><value>1</value></part><part><name index="2" /><value>*36<template><title>#ifeq:<template><title>#expr:<tplarg><title>1</title></tplarg>&gt;=37</title></template></title><part><name index="1" /><value>1</value></part><part><name index="2" /><value>*37<template><title>#ifeq:<template><title>#expr:<tplarg><title>1</title></tplarg>&gt;=38</title></template></title><part><name index="1" /><value>1</value></part><part><name index="2" /><value>*38<template><title>#ifeq:<template><title>#expr:<tplarg><title>1</title></tplarg>&gt;=39</title></template></title><part><name index="1" /><value>1</value></part><part><name index="2" /><value>*39<template><title>#ifeq:<template><title>#expr:<tplarg><title>1</title></tplarg>&gt;=40</title></template></title><part><name index="1" /><value>1</value></part><part><name index="2" /><value>*40<template><title>#ifeq:<template><title>#expr:<tplarg><title>1</title></tplarg>&gt;=41</title></template></title><part><name index="1" /><value>1</value></part><part><name index="2" /><value>*41<template><title>#ifeq:<template><title>#expr:<tplarg><title>1</title></tplarg>&gt;=42</title></template></title><part><name index="1" /><value>1</value></part><part><name index="2" /><value>*42<template><title>#ifeq:<template><title>#expr:<tplarg><title>1</title></tplarg>&gt;=43</title></template></title><part><name index="1" /><value>1</value></part><part><name index="2" /><value>*43<template><title>#ifeq:<template><title>#expr:<tplarg><title>1</title></tplarg>&gt;=44</title></template></title><part><name index="1" /><value>1</value></part><part><name index="2" /><value>*44<template><title>#ifeq:<template><title>#expr:<tplarg><title>1</title></tplarg>&gt;=45</title></template></title><part><name index="1" /><value>1</value></part><part><name index="2" /><value>*45<template><title>#ifeq:<template><title>#expr:<tplarg><title>1</title></tplarg>&gt;=46</title></template></title><part><name index="1" /><value>1</value></part><part><name index="2" /><value>*46<template><title>#ifeq:<template><title>#expr:<tplarg><title>1</title></tplarg>&gt;=47</title></template></title><part><name index="1" /><value>1</value></part><part><name index="2" /><value>*47<template><title>#ifeq:<template><title>#expr:<tplarg><title>1</title></tplarg>&gt;=48</title></template></title><part><name index="1" /><value>1</value></part><part><name index="2" /><value>*48<template><title>#ifeq:<template><title>#expr:<tplarg><title>1</title></tplarg>&gt;=49</title></template></title><part><name index="1" /><value>1</value></part><part><name index="2" /><value>*49<template><title>#ifeq:<template><title>#expr:<tplarg><title>1</title></tplarg>&gt;=50</title></template></title><part><name index="1" /><value>1</value></part><part><name index="2" /><value>*50<template><title>#ifeq:<template><title>#expr:<tplarg><title>1</title></tplarg>&gt;=51</title></template></title><part><name index="1" /><value>1</value></part><part><name index="2" /><value>*51<template><title>#ifeq:<template><title>#expr:<tplarg><title>1</title></tplarg>&gt;=52</title></template></title><part><name index="1" /><value>1</value></part><part><name index="2" /><value>*52<template><title>#ifeq:<template><title>#expr:<tplarg><title>1</title></tplarg>&gt;=53</title></template></title><part><name index="1" /><value>1</value></part><part><name index="2" /><value>*53<template><title>#ifeq:<template><title>#expr:<tplarg><title>1</title></tplarg>&gt;=54</title></template></title><part><name index="1" /><value>1</value></part><part><name index="2" /><value>*54<template><title>#ifeq:<template><title>#expr:<tplarg><title>1</title></tplarg>&gt;=55</title></template></title><part><name index="1" /><value>1</value></part><part><name index="2" /><value>*55<template><title>#ifeq:<template><title>#expr:<tplarg><title>1</title></tplarg>&gt;=56</title></template></title><part><name index="1" /><value>1</value></part><part><name index="2" /><value>*56<template><title>#ifeq:<template><title>#expr:<tplarg><title>1</title></tplarg>&gt;=57</title></template></title><part><name index="1" /><value>1</value></part><part><name index="2" /><value>*57<template><title>#ifeq:<template><title>#expr:<tplarg><title>1</title></tplarg>&gt;=58</title></template></title><part><name index="1" /><value>1</value></part><part><name index="2" /><value>*58<template><title>#ifeq:<template><title>#expr:<tplarg><title>1</title></tplarg>&gt;=59</title></template></title><part><name index="1" /><value>1</value></part><part><name index="2" /><value>*59<template><title>#ifeq:<template><title>#expr:<tplarg><title>1</title></tplarg>&gt;=60</title></template></title><part><name index="1" /><value>1</value></part><part><name index="2" /><value>*60<template><title>#ifeq:<template><title>#expr:<tplarg><title>1</title></tplarg>&gt;=61</title></template></title><part><name index="1" /><value>1</value></part><part><name index="2" /><value>*61<template><title>#ifeq:<template><title>#expr:<tplarg><title>1</title></tplarg>&gt;=62</title></template></title><part><name index="1" /><value>1</value></part><part><name index="2" /><value>*62<template><title>#ifeq:<template><title>#expr:<tplarg><title>1</title></tplarg>&gt;=63</title></template></title><part><name index="1" /><value>1</value></part><part><name index="2" /><value>*63<template><title>#ifeq:<template><title>#expr:<tplarg><title>1</title></tplarg>&gt;=64</title></template></title><part><name index="1" /><value>1</value></part><part><name index="2" /><value>*64<template><title>#ifeq:<template><title>#expr:<tplarg><title>1</title></tplarg>&gt;=65</title></template></title><part><name index="1" /><value>1</value></part><part><name index="2" /><value>*65<template><title>#ifeq:<template><title>#expr:<tplarg><title>1</title></tplarg>&gt;=66</title></template></title><part><name index="1" /><value>1</value></part><part><name index="2" /><value>*66<template><title>#ifeq:<template><title>#expr:<tplarg><title>1</title></tplarg>&gt;=67</title></template></title><part><name index="1" /><value>1</value></part><part><name index="2" /><value>*67<template><title>#ifeq:<template><title>#expr:<tplarg><title>1</title></tplarg>&gt;=68</title></template></title><part><name index="1" /><value>1</value></part><part><name index="2" /><value>*68<template><title>#ifeq:<template><title>#expr:<tplarg><title>1</title></tplarg>&gt;=69</title></template></title><part><name index="1" /><value>1</value></part><part><name index="2" /><value>*69<template><title>#ifeq:<template><title>#expr:<tplarg><title>1</title></tplarg>&gt;=70</title></template></title><part><name index="1" /><value>1</value></part><part><name index="2" /><value>*70<template><title>#ifeq:<template><title>#expr:<tplarg><title>1</title></tplarg>&gt;=71</title></template></title><part><name index="1" /><value>1</value></part><part><name index="2" /><value>*71<template><title>#ifeq:<template><title>#expr:<tplarg><title>1</title></tplarg>&gt;=72</title></template></title><part><name index="1" /><value>1</value></part><part><name index="2" /><value>*72<template><title>#ifeq:<template><title>#expr:<tplarg><title>1</title></tplarg>&gt;=73</title></template></title><part><name index="1" /><value>1</value></part><part><name index="2" /><value>*73<template><title>#ifeq:<template><title>#expr:<tplarg><title>1</title></tplarg>&gt;=74</title></template></title><part><name index="1" /><value>1</value></part><part><name index="2" /><value>*74<template><title>#ifeq:<template><title>#expr:<tplarg><title>1</title></tplarg>&gt;=75</title></template></title><part><name index="1" /><value>1</value></part><part><name index="2" /><value>*75<template><title>#ifeq:<template><title>#expr:<tplarg><title>1</title></tplarg>&gt;=76</title></template></title><part><name index="1" /><value>1</value></part><part><name index="2" /><value>*76<template><title>#ifeq:<template><title>#expr:<tplarg><title>1</title></tplarg>&gt;=77</title></template></title><part><name index="1" /><value>1</value></part><part><name index="2" /><value>*77<template><title>#ifeq:<template><title>#expr:<tplarg><title>1</title></tplarg>&gt;=78</title></template></title><part><name index="1" /><value>1</value></part><part><name index="2" /><value>*78<template><title>#ifeq:<template><title>#expr:<tplarg><title>1</title></tplarg>&gt;=79</title></template></title><part><name index="1" /><value>1</value></part><part><name index="2" /><value>*79<template><title>#ifeq:<template><title>#expr:<tplarg><title>1</title></tplarg>&gt;=80</title></template></title><part><name index="1" /><value>1</value></part><part><name index="2" /><value>*80<template><title>#ifeq:<template><title>#expr:<tplarg><title>1</title></tplarg>&gt;=81</title></template></title><part><name index="1" /><value>1</value></part><part><name index="2" /><value>*81<template><title>#ifeq:<template><title>#expr:<tplarg><title>1</title></tplarg>&gt;=82</title></template></title><part><name index="1" /><value>1</value></part><part><name index="2" /><value>*82<template><title>#ifeq:<template><title>#expr:<tplarg><title>1</title></tplarg>&gt;=83</title></template></title><part><name index="1" /><value>1</value></part><part><name index="2" /><value>*83<template><title>#ifeq:<template><title>#expr:<tplarg><title>1</title></tplarg>&gt;=84</title></template></title><part><name index="1" /><value>1</value></part><part><name index="2" /><value>*84<template><title>#ifeq:<template><title>#expr:<tplarg><title>1</title></tplarg>&gt;=85</title></template></title><part><name index="1" /><value>1</value></part><part><name index="2" /><value>*85<template><title>#ifeq:<template><title>#expr:<tplarg><title>1</title></tplarg>&gt;=86</title></template></title><part><name index="1" /><value>1</value></part><part><name index="2" /><value>*86<template><title>#ifeq:<template><title>#expr:<tplarg><title>1</title></tplarg>&gt;=87</title></template></title><part><name index="1" /><value>1</value></part><part><name index="2" /><value>*87<template><title>#ifeq:<template><title>#expr:<tplarg><title>1</title></tplarg>&gt;=88</title></template></title><part><name index="1" /><value>1</value></part><part><name index="2" /><value>*88<template><title>#ifeq:<template><title>#expr:<tplarg><title>1</title></tplarg>&gt;=89</title></template></title><part><name index="1" /><value>1</value></part><part><name index="2" /><value>*89<template><title>#ifeq:<template><title>#expr:<tplarg><title>1</title></tplarg>&gt;=90</title></template></title><part><name index="1" /><value>1</value></part><part><name index="2" /><value>*90<template><title>#ifeq:<template><title>#expr:<tplarg><title>1</title></tplarg>&gt;=91</title></template></title><part><name index="1" /><value>1</value></part><part><name index="2" /><value>*91<template><title>#ifeq:<template><title>#expr:<tplarg><title>1</title></tplarg>&gt;=92</title></template></title><part><name index="1" /><value>1</value></part><part><name index="2" /><value>*92<template><title>#ifeq:<template><title>#expr:<tplarg><title>1</title></tplarg>&gt;=93</title></template></title><part><name index="1" /><value>1</value></part><part><name index="2" /><value>*93<template><title>#ifeq:<template><title>#expr:<tplarg><title>1</title></tplarg>&gt;=94</title></template></title><part><name index="1" /><value>1</value></part><part><name index="2" /><value>*94<template><title>#ifeq:<template><title>#expr:<tplarg><title>1</title></tplarg>&gt;=95</title></template></title><part><name index="1" /><value>1</value></part><part><name index="2" /><value>*95<template><title>#ifeq:<template><title>#expr:<tplarg><title>1</title></tplarg>&gt;=96</title></template></title><part><name index="1" /><value>1</value></part><part><name index="2" /><value>*96<template><title>#ifeq:<template><title>#expr:<tplarg><title>1</title></tplarg>&gt;=97</title></template></title><part><name index="1" /><value>1</value></part><part><name index="2" /><value>*97<template><title>#ifeq:<template><title>#expr:<tplarg><title>1</title></tplarg>&gt;=98</title></template></title><part><name index="1" /><value>1</value></part><part><name index="2" /><value>*98<template><title>#ifeq:<template><title>#expr:<tplarg><title>1</title></tplarg>&gt;=99</title></template></title><part><name index="1" /><value>1</value></part><part><name index="2" /><value>*99</value></part></template></value></part></template></value></part></template></value></part></template></value></part></template></value></part></template></value></part></template></value></part></template></value></part></template></value></part></template></value></part></template></value></part></template></value></part></template></value></part></template></value></part></template></value></part></template></value></part></template></value></part></template></value></part></template></value></part></template></value></part></template></value></part></template></value></part></template></value></part></template></value></part></template></value></part></template></value></part></template></value></part></template></value></part></template></value></part></template></value></part></template></value></part></template></value></part></template></value></part></template></value></part></template></value></part></template></value></part></template></value></part></template></value></part></template></value></part></template></value></part></template></value></part></template></value></part></template></value></part></template></value></part></template></value></part></template></value></part></template></value></part></template></value></part></template></value></part></template></value></part></template></value></part></template></value></part></template></value></part></template></value></part></template></value></part></template></value></part></template></value></part></template></value></part></template></value></part></template></value></part></template></value></part></template></value></part></template></value></part></template></value></part></template></value></part></template></value></part></template></value></part></template></value></part></template></value></part></template></value></part></template></value></part></template></value></part></template></value></part></template></value></part></template></value></part></template></value></part></template></value></part></template></value></part></template></value></part></template></value></part></template></value></part></template></value></part></template></value></part></template></value></part></template></value></part></template></value></part></template></value></part></template></value></part></template></value></part></template></value></part></template></value></part></template></value></part></template></value></part></template></value></part></template></value></part></template></value></part></template></value></part></template></value></part></template></value></part></template></title></template><ignore>&lt;noinclude&gt;</ignore>
<template lineStart="1"><title>Template documentation</title></template>
This template finds the [[factorial]] of a number. To use it, enter:&lt;br /&gt;
&lt;code&gt;&lt;nowiki&gt;<template><title>factorial</title><part><name index="1" /><value>input</value></part></template>&lt;/nowiki&gt;&lt;/code&gt;&lt;br /&gt;
The input must be a positive interger smaller than 100 (better than most calculators, which go up to only 69). This template works by repeating conditional multiplications. Examples:&lt;br /&gt;
*&lt;nowiki&gt;<template><title>factorial</title><part><name index="1" /><value>2</value></part></template>&lt;/nowiki&gt; gives <template><title>factorial</title><part><name index="1" /><value>2</value></part></template>
*&lt;nowiki&gt;<template><title>factorial</title><part><name index="1" /><value>3</value></part></template>&lt;/nowiki&gt; gives <template><title>factorial</title><part><name index="1" /><value>3</value></part></template>
*&lt;nowiki&gt;<template><title>factorial</title><part><name index="1" /><value>5</value></part></template>&lt;/nowiki&gt; gives <template><title>factorial</title><part><name index="1" /><value>5</value></part></template>
*&lt;nowiki&gt;<template><title>factorial</title><part><name index="1" /><value>10</value></part></template>&lt;/nowiki&gt; gives <template><title>factorial</title><part><name index="1" /><value>10</value></part></template>
*&lt;nowiki&gt;<template><title>factorial</title><part><name index="1" /><value>80</value></part></template>&lt;/nowiki&gt; gives <template><title>factorial</title><part><name index="1" /><value>80</value></part></template>
*&lt;nowiki&gt;<template><title>factorial</title><part><name index="1" /><value>0.5</value></part></template>&lt;/nowiki&gt; gives <template><title>factorial</title><part><name index="1" /><value>0.5</value></part></template> (invalid input)
*&lt;nowiki&gt;<template><title>factorial</title><part><name index="1" /><value>-1</value></part></template>&lt;/nowiki&gt; gives <template><title>factorial</title><part><name index="1" /><value>-1</value></part></template> (invalid input)
<template lineStart="1"><title>esoteric</title></template>
[[Category:Mathematical templates|<template><title>PAGENAME</title></template>]]
<ignore>&lt;/noinclude&gt;</ignore>

</root>