<root><ignore>&lt;noinclude&gt;</ignore><template><title>Template sandbox notice</title></template><ignore>&lt;/noinclude&gt;</ignore>
&lt;div class=&quot;boilerplate metadata rfa&quot; style=&quot;background-color:#FFFFF5; margin: 2em 0 0 0; padding: 0 10px 0 10px; border: 1px solid #AAAAAA;&quot;&gt;The [[Qur'an]], [[sura|chapter]] <template><title>#ifexpr: (<tplarg><title>1</title><part><name index="1" /><value>1</value></part></tplarg> = 1) </title><part><name index="1" /><value> 1 ([[Al-Fatiha]]) </value></part><part><name index="2" /><value> 
<template lineStart="1"><title>#ifexpr: (<tplarg><title>1</title><part><name index="1" /><value>1</value></part></tplarg> = 2) </title><part><name index="1" /><value> 2 ([[Al-Baqara]]) </value></part><part><name index="2" /><value>
<template lineStart="1"><title>#ifexpr: (<tplarg><title>1</title><part><name index="1" /><value>1</value></part></tplarg> = 3) </title><part><name index="1" /><value> 3 ([[Ali Imran]]) </value></part><part><name index="2" /><value>
<template lineStart="1"><title>#ifexpr: (<tplarg><title>1</title><part><name index="1" /><value>1</value></part></tplarg> = 4) </title><part><name index="1" /><value> 4 ([[An-Nisa]]) </value></part><part><name index="2" /><value>
<template lineStart="1"><title>#ifexpr: (<tplarg><title>1</title><part><name index="1" /><value>1</value></part></tplarg> = 5) </title><part><name index="1" /><value> 5 ([[Al-Ma'ida]]) </value></part><part><name index="2" /><value>
<template lineStart="1"><title>#ifexpr: (<tplarg><title>1</title><part><name index="1" /><value>1</value></part></tplarg> = 6) </title><part><name index="1" /><value> 6 ([[Al-An'am]]) </value></part><part><name index="2" /><value>
<template lineStart="1"><title>#ifexpr: (<tplarg><title>1</title><part><name index="1" /><value>1</value></part></tplarg> = 7) </title><part><name index="1" /><value> 7 ([[Al-A'raf]]) </value></part><part><name index="2" /><value>
<template lineStart="1"><title>#ifexpr: (<tplarg><title>1</title><part><name index="1" /><value>1</value></part></tplarg> = 8) </title><part><name index="1" /><value> 8 ([[Al-Anfal]]) </value></part><part><name index="2" /><value>
<template lineStart="1"><title>#ifexpr: (<tplarg><title>1</title><part><name index="1" /><value>1</value></part></tplarg> = 9) </title><part><name index="1" /><value> 9 ([[At-Tawba]]) </value></part><part><name index="2" /><value>
<template lineStart="1"><title>#ifexpr: (<tplarg><title>1</title><part><name index="1" /><value>1</value></part></tplarg> = 10) </title><part><name index="1" /><value> 10 ([[Yunus (sura)|Yunus]]) </value></part><part><name index="2" /><value>
<template lineStart="1"><title>#ifexpr: (<tplarg><title>1</title><part><name index="1" /><value>1</value></part></tplarg> = 11) </title><part><name index="1" /><value> 11 ([[Hud (sura)|Hud]]) </value></part><part><name index="2" /><value>
<template lineStart="1"><title>#ifexpr: (<tplarg><title>1</title><part><name index="1" /><value>1</value></part></tplarg> = 12) </title><part><name index="1" /><value> 12 ([[Yusuf (sura)|Yusuf]]) </value></part><part><name index="2" /><value>
<template lineStart="1"><title>#ifexpr: (<tplarg><title>1</title><part><name index="1" /><value>1</value></part></tplarg> = 13) </title><part><name index="1" /><value> 13 ([[Ar-Ra'd]]) </value></part><part><name index="2" /><value>
<template lineStart="1"><title>#ifexpr: (<tplarg><title>1</title><part><name index="1" /><value>1</value></part></tplarg> = 14) </title><part><name index="1" /><value> 14 ([[Ibrahim (sura)|Ibrahim]]) </value></part><part><name index="2" /><value>
<template lineStart="1"><title>#ifexpr: (<tplarg><title>1</title><part><name index="1" /><value>1</value></part></tplarg> = 15) </title><part><name index="1" /><value> 15 ([[Al-Hijr]]) </value></part><part><name index="2" /><value>
<template lineStart="1"><title>#ifexpr: (<tplarg><title>1</title><part><name index="1" /><value>1</value></part></tplarg> = 16) </title><part><name index="1" /><value> 16 ([[An-Nahl]]) </value></part><part><name index="2" /><value>
<template lineStart="1"><title>#ifexpr: (<tplarg><title>1</title><part><name index="1" /><value>1</value></part></tplarg> = 17) </title><part><name index="1" /><value> 17 ([[Al-Isra]]) </value></part><part><name index="2" /><value>
<template lineStart="1"><title>#ifexpr: (<tplarg><title>1</title><part><name index="1" /><value>1</value></part></tplarg> = 18) </title><part><name index="1" /><value> 18 ([[Al-Kahf]]) </value></part><part><name index="2" /><value>
<template lineStart="1"><title>#ifexpr: (<tplarg><title>1</title><part><name index="1" /><value>1</value></part></tplarg> = 19) </title><part><name index="1" /><value> 19 ([[Maryam (sura)|Maryam]]) </value></part><part><name index="2" /><value>
<template lineStart="1"><title>#ifexpr: (<tplarg><title>1</title><part><name index="1" /><value>1</value></part></tplarg> = 20) </title><part><name index="1" /><value> 20 ([[Ta-Ha]]) </value></part><part><name index="2" /><value>
<template lineStart="1"><title>#ifexpr: (<tplarg><title>1</title><part><name index="1" /><value>1</value></part></tplarg> = 21) </title><part><name index="1" /><value> 21 ([[Al-Anbiya]]) </value></part><part><name index="2" /><value>
<template lineStart="1"><title>#ifexpr: (<tplarg><title>1</title><part><name index="1" /><value>1</value></part></tplarg> = 22) </title><part><name index="1" /><value> 22 ([[Al-Hajj]]) </value></part><part><name index="2" /><value>
<template lineStart="1"><title>#ifexpr: (<tplarg><title>1</title><part><name index="1" /><value>1</value></part></tplarg> = 23) </title><part><name index="1" /><value> 23 ([[Al-Muminun]]) </value></part><part><name index="2" /><value>
<template lineStart="1"><title>#ifexpr: (<tplarg><title>1</title><part><name index="1" /><value>1</value></part></tplarg> = 24) </title><part><name index="1" /><value> 24 ([[An-Noor]]) </value></part><part><name index="2" /><value>
<template lineStart="1"><title>#ifexpr: (<tplarg><title>1</title><part><name index="1" /><value>1</value></part></tplarg> = 25) </title><part><name index="1" /><value> 25 ([[Al-Furqan]]) </value></part><part><name index="2" /><value>
<template lineStart="1"><title>#ifexpr: (<tplarg><title>1</title><part><name index="1" /><value>1</value></part></tplarg> = 26) </title><part><name index="1" /><value> 26 ([[Ash-Shu'ara]]) </value></part><part><name index="2" /><value>
<template lineStart="1"><title>#ifexpr: (<tplarg><title>1</title><part><name index="1" /><value>1</value></part></tplarg> = 27) </title><part><name index="1" /><value> 27 ([[An-Naml]]) </value></part><part><name index="2" /><value>
<template lineStart="1"><title>#ifexpr: (<tplarg><title>1</title><part><name index="1" /><value>1</value></part></tplarg> = 28) </title><part><name index="1" /><value> 28 ([[Al-Qisas]]) </value></part><part><name index="2" /><value>
<template lineStart="1"><title>#ifexpr: (<tplarg><title>1</title><part><name index="1" /><value>1</value></part></tplarg> = 29) </title><part><name index="1" /><value> 29 ([[Al-Ankabut]]) </value></part><part><name index="2" /><value>
<template lineStart="1"><title>#ifexpr: (<tplarg><title>1</title><part><name index="1" /><value>1</value></part></tplarg> = 30) </title><part><name index="1" /><value> 30 ([[Ar-Rum]]) </value></part><part><name index="2" /><value>
<template lineStart="1"><title>#ifexpr: (<tplarg><title>1</title><part><name index="1" /><value>1</value></part></tplarg> = 31) </title><part><name index="1" /><value> 31 ([[Luqman (sura)|Luqman]]) </value></part><part><name index="2" /><value>
<template lineStart="1"><title>#ifexpr: (<tplarg><title>1</title><part><name index="1" /><value>1</value></part></tplarg> = 32) </title><part><name index="1" /><value> 32 ([[As-Sajda]]) </value></part><part><name index="2" /><value>
<template lineStart="1"><title>#ifexpr: (<tplarg><title>1</title><part><name index="1" /><value>1</value></part></tplarg> = 33) </title><part><name index="1" /><value> 33 ([[Al-Ahzab]]) </value></part><part><name index="2" /><value>
<template lineStart="1"><title>#ifexpr: (<tplarg><title>1</title><part><name index="1" /><value>1</value></part></tplarg> = 34) </title><part><name index="1" /><value> 34 ([[Saba (sura)|Saba]]) </value></part><part><name index="2" /><value>
<template lineStart="1"><title>#ifexpr: (<tplarg><title>1</title><part><name index="1" /><value>1</value></part></tplarg> = 35) </title><part><name index="1" /><value> 35 ([[Fatir]]) </value></part><part><name index="2" /><value>
<template lineStart="1"><title>#ifexpr: (<tplarg><title>1</title><part><name index="1" /><value>1</value></part></tplarg> = 36) </title><part><name index="1" /><value> 36 ([[Ya-Seen]]) </value></part><part><name index="2" /><value>
<template lineStart="1"><title>#ifexpr: (<tplarg><title>1</title><part><name index="1" /><value>1</value></part></tplarg> = 37) </title><part><name index="1" /><value> 37 ([[As-Saaffat]]) </value></part><part><name index="2" /><value>
<template lineStart="1"><title>#ifexpr: (<tplarg><title>1</title><part><name index="1" /><value>1</value></part></tplarg> = 38) </title><part><name index="1" /><value> 38 ([[Sad (sura)|Sad]]) </value></part><part><name index="2" /><value>
<template lineStart="1"><title>#ifexpr: (<tplarg><title>1</title><part><name index="1" /><value>1</value></part></tplarg> = 39) </title><part><name index="1" /><value> 39 ([[Az-Zumar]]) </value></part><part><name index="2" /><value>
<template lineStart="1"><title>#ifexpr: (<tplarg><title>1</title><part><name index="1" /><value>1</value></part></tplarg> = 40) </title><part><name index="1" /><value> 40 ([[Ghafir]]) </value></part><part><name index="2" /><value>
<template lineStart="1"><title>#ifexpr: (<tplarg><title>1</title><part><name index="1" /><value>1</value></part></tplarg> = 41) </title><part><name index="1" /><value> 41 ([[Fussilat]]) </value></part><part><name index="2" /><value>
<template lineStart="1"><title>#ifexpr: (<tplarg><title>1</title><part><name index="1" /><value>1</value></part></tplarg> = 42) </title><part><name index="1" /><value> 42 ([[Ash-Shura]]) </value></part><part><name index="2" /><value>
<template lineStart="1"><title>#ifexpr: (<tplarg><title>1</title><part><name index="1" /><value>1</value></part></tplarg> = 43) </title><part><name index="1" /><value> 43 ([[Az-Zukhruf]]) </value></part><part><name index="2" /><value>
<template lineStart="1"><title>#ifexpr: (<tplarg><title>1</title><part><name index="1" /><value>1</value></part></tplarg> = 44) </title><part><name index="1" /><value> 44 ([[Ad-Dukhan]]) </value></part><part><name index="2" /><value>
<template lineStart="1"><title>#ifexpr: (<tplarg><title>1</title><part><name index="1" /><value>1</value></part></tplarg> = 45) </title><part><name index="1" /><value> 45 ([[Al-Jathiya]]) </value></part><part><name index="2" /><value>
<template lineStart="1"><title>#ifexpr: (<tplarg><title>1</title><part><name index="1" /><value>1</value></part></tplarg> = 46) </title><part><name index="1" /><value> 46 ([[Al-Ahqaf]]) </value></part><part><name index="2" /><value>
<template lineStart="1"><title>#ifexpr: (<tplarg><title>1</title><part><name index="1" /><value>1</value></part></tplarg> = 47) </title><part><name index="1" /><value> 47 ([[Muhammad (sura)|Muhammad]]) </value></part><part><name index="2" /><value>
<template lineStart="1"><title>#ifexpr: (<tplarg><title>1</title><part><name index="1" /><value>1</value></part></tplarg> = 48) </title><part><name index="1" /><value> 48 ([[Al-Fath]]) </value></part><part><name index="2" /><value>
<template lineStart="1"><title>#ifexpr: (<tplarg><title>1</title><part><name index="1" /><value>1</value></part></tplarg> = 49) </title><part><name index="1" /><value> 49 ([[Al-Hujraat]]) </value></part><part><name index="2" /><value>
<template lineStart="1"><title>#ifexpr: (<tplarg><title>1</title><part><name index="1" /><value>1</value></part></tplarg> = 50) </title><part><name index="1" /><value> 50 ([[Qaf (sura)|Qaf]]) </value></part><part><name index="2" /><value>
<template lineStart="1"><title>#ifexpr: (<tplarg><title>1</title><part><name index="1" /><value>1</value></part></tplarg> = 51) </title><part><name index="1" /><value> 51 ([[Adh-Dhariyat]]) </value></part><part><name index="2" /><value>
<template lineStart="1"><title>#ifexpr: (<tplarg><title>1</title><part><name index="1" /><value>1</value></part></tplarg> = 52) </title><part><name index="1" /><value> 52 ([[At-Tur]]) </value></part><part><name index="2" /><value>
<template lineStart="1"><title>#ifexpr: (<tplarg><title>1</title><part><name index="1" /><value>1</value></part></tplarg> = 53) </title><part><name index="1" /><value> 53 ([[An-Najm]]) </value></part><part><name index="2" /><value>
<template lineStart="1"><title>#ifexpr: (<tplarg><title>1</title><part><name index="1" /><value>1</value></part></tplarg> = 54) </title><part><name index="1" /><value> 54 ([[Al-Qamar]]) </value></part><part><name index="2" /><value>
<template lineStart="1"><title>#ifexpr: (<tplarg><title>1</title><part><name index="1" /><value>1</value></part></tplarg> = 55) </title><part><name index="1" /><value> 55 ([[Ar-Rahman]]) </value></part><part><name index="2" /><value>
<template lineStart="1"><title>#ifexpr: (<tplarg><title>1</title><part><name index="1" /><value>1</value></part></tplarg> = 56) </title><part><name index="1" /><value> 56 ([[Al-Waqia]]) </value></part><part><name index="2" /><value>
<template lineStart="1"><title>#ifexpr: (<tplarg><title>1</title><part><name index="1" /><value>1</value></part></tplarg> = 57) </title><part><name index="1" /><value> 57 ([[Al-Hadid]]) </value></part><part><name index="2" /><value>
<template lineStart="1"><title>#ifexpr: (<tplarg><title>1</title><part><name index="1" /><value>1</value></part></tplarg> = 58) </title><part><name index="1" /><value> 58 ([[Al-Mujadila]]) </value></part><part><name index="2" /><value>
<template lineStart="1"><title>#ifexpr: (<tplarg><title>1</title><part><name index="1" /><value>1</value></part></tplarg> = 59) </title><part><name index="1" /><value> 59 ([[Al-Hashr]]) </value></part><part><name index="2" /><value>
<template lineStart="1"><title>#ifexpr: (<tplarg><title>1</title><part><name index="1" /><value>1</value></part></tplarg> = 60) </title><part><name index="1" /><value> 60 ([[Al-Mumtahina]]) </value></part><part><name index="2" /><value>
<template lineStart="1"><title>#ifexpr: (<tplarg><title>1</title><part><name index="1" /><value>1</value></part></tplarg> = 61) </title><part><name index="1" /><value> 61 ([[As-Saff]]) </value></part><part><name index="2" /><value>
<template lineStart="1"><title>#ifexpr: (<tplarg><title>1</title><part><name index="1" /><value>1</value></part></tplarg> = 62) </title><part><name index="1" /><value> 62 ([[Al-Jumua]]) </value></part><part><name index="2" /><value>
<template lineStart="1"><title>#ifexpr: (<tplarg><title>1</title><part><name index="1" /><value>1</value></part></tplarg> = 63) </title><part><name index="1" /><value> 63 ([[Al-Munafiqoon]]) </value></part><part><name index="2" /><value>
<template lineStart="1"><title>#ifexpr: (<tplarg><title>1</title><part><name index="1" /><value>1</value></part></tplarg> = 64) </title><part><name index="1" /><value> 64 ([[At-Taghabun]]) </value></part><part><name index="2" /><value>
<template lineStart="1"><title>#ifexpr: (<tplarg><title>1</title><part><name index="1" /><value>1</value></part></tplarg> = 65) </title><part><name index="1" /><value> 65 ([[At-Talaq]]) </value></part><part><name index="2" /><value>
<template lineStart="1"><title>#ifexpr: (<tplarg><title>1</title><part><name index="1" /><value>1</value></part></tplarg> = 66) </title><part><name index="1" /><value> 66 ([[At-Tahrim]]) </value></part><part><name index="2" /><value>
<template lineStart="1"><title>#ifexpr: (<tplarg><title>1</title><part><name index="1" /><value>1</value></part></tplarg> = 67) </title><part><name index="1" /><value> 67 ([[Al-Mulk]]) </value></part><part><name index="2" /><value>
<template lineStart="1"><title>#ifexpr: (<tplarg><title>1</title><part><name index="1" /><value>1</value></part></tplarg> = 68) </title><part><name index="1" /><value> 68 ([[Al-Qalam]]) </value></part><part><name index="2" /><value>
<template lineStart="1"><title>#ifexpr: (<tplarg><title>1</title><part><name index="1" /><value>1</value></part></tplarg> = 69) </title><part><name index="1" /><value> 69 ([[Al-Haaqqa]]) </value></part><part><name index="2" /><value>
<template lineStart="1"><title>#ifexpr: (<tplarg><title>1</title><part><name index="1" /><value>1</value></part></tplarg> = 70) </title><part><name index="1" /><value> 70 ([[Al-Maarij]]) </value></part><part><name index="2" /><value>
<template lineStart="1"><title>#ifexpr: (<tplarg><title>1</title><part><name index="1" /><value>1</value></part></tplarg> = 71) </title><part><name index="1" /><value> 71 ([[Nooh (sura)|Nooh]]) </value></part><part><name index="2" /><value>
<template lineStart="1"><title>#ifexpr: (<tplarg><title>1</title><part><name index="1" /><value>1</value></part></tplarg> = 72) </title><part><name index="1" /><value> 72 ([[Al-Jinn]]) </value></part><part><name index="2" /><value>
<template lineStart="1"><title>#ifexpr: (<tplarg><title>1</title><part><name index="1" /><value>1</value></part></tplarg> = 73) </title><part><name index="1" /><value> 73 ([[Al-Muzzammil]]) </value></part><part><name index="2" /><value>
<template lineStart="1"><title>#ifexpr: (<tplarg><title>1</title><part><name index="1" /><value>1</value></part></tplarg> = 74) </title><part><name index="1" /><value> 74 ([[Al-Muddaththir]]) </value></part><part><name index="2" /><value>
<template lineStart="1"><title>#ifexpr: (<tplarg><title>1</title><part><name index="1" /><value>1</value></part></tplarg> = 75) </title><part><name index="1" /><value> 75 ([[Al-Qiyama]]) </value></part><part><name index="2" /><value>
<template lineStart="1"><title>#ifexpr: (<tplarg><title>1</title><part><name index="1" /><value>1</value></part></tplarg> = 76) </title><part><name index="1" /><value> 76 ([[Al-Insan]]) </value></part><part><name index="2" /><value>
<template lineStart="1"><title>#ifexpr: (<tplarg><title>1</title><part><name index="1" /><value>1</value></part></tplarg> = 77) </title><part><name index="1" /><value> 77 ([[Al-Mursalat]]) </value></part><part><name index="2" /><value>
<template lineStart="1"><title>#ifexpr: (<tplarg><title>1</title><part><name index="1" /><value>1</value></part></tplarg> = 78) </title><part><name index="1" /><value> 78 ([[An-Naba]]) </value></part><part><name index="2" /><value>
<template lineStart="1"><title>#ifexpr: (<tplarg><title>1</title><part><name index="1" /><value>1</value></part></tplarg> = 79) </title><part><name index="1" /><value> 79 ([[An-Naziat]]) </value></part><part><name index="2" /><value>
<template lineStart="1"><title>#ifexpr: (<tplarg><title>1</title><part><name index="1" /><value>1</value></part></tplarg> = 80) </title><part><name index="1" /><value> 80 ([[Abasa]]) </value></part><part><name index="2" /><value>
<template lineStart="1"><title>#ifexpr: (<tplarg><title>1</title><part><name index="1" /><value>1</value></part></tplarg> = 81) </title><part><name index="1" /><value> 81 ([[At-Takwir]]) </value></part><part><name index="2" /><value>
<template lineStart="1"><title>#ifexpr: (<tplarg><title>1</title><part><name index="1" /><value>1</value></part></tplarg> = 82) </title><part><name index="1" /><value> 82 ([[Al-Infitar]]) </value></part><part><name index="2" /><value>
<template lineStart="1"><title>#ifexpr: (<tplarg><title>1</title><part><name index="1" /><value>1</value></part></tplarg> = 83) </title><part><name index="1" /><value> 83 ([[Al-Mutaffifin]]) </value></part><part><name index="2" /><value>
<template lineStart="1"><title>#ifexpr: (<tplarg><title>1</title><part><name index="1" /><value>1</value></part></tplarg> = 84) </title><part><name index="1" /><value> 84 ([[Al-Inshiqaq]]) </value></part><part><name index="2" /><value>
<template lineStart="1"><title>#ifexpr: (<tplarg><title>1</title><part><name index="1" /><value>1</value></part></tplarg> = 85) </title><part><name index="1" /><value> 85 ([[Al-Burooj]]) </value></part><part><name index="2" /><value>
<template lineStart="1"><title>#ifexpr: (<tplarg><title>1</title><part><name index="1" /><value>1</value></part></tplarg> = 86) </title><part><name index="1" /><value> 86 ([[At-Tariq]]) </value></part><part><name index="2" /><value>
<template lineStart="1"><title>#ifexpr: (<tplarg><title>1</title><part><name index="1" /><value>1</value></part></tplarg> = 87) </title><part><name index="1" /><value> 87 ([[Al-Ala]]) </value></part><part><name index="2" /><value>
<template lineStart="1"><title>#ifexpr: (<tplarg><title>1</title><part><name index="1" /><value>1</value></part></tplarg> = 88) </title><part><name index="1" /><value> 88 ([[Al-Ghashiya]]) </value></part><part><name index="2" /><value>
<template lineStart="1"><title>#ifexpr: (<tplarg><title>1</title><part><name index="1" /><value>1</value></part></tplarg> = 89) </title><part><name index="1" /><value> 89 ([[Al-Fajr (sura)|Al-Fajr]]) </value></part><part><name index="2" /><value>
<template lineStart="1"><title>#ifexpr: (<tplarg><title>1</title><part><name index="1" /><value>1</value></part></tplarg> = 90) </title><part><name index="1" /><value> 90 ([[Al-Balad]]) </value></part><part><name index="2" /><value>
<template lineStart="1"><title>#ifexpr: (<tplarg><title>1</title><part><name index="1" /><value>1</value></part></tplarg> = 91) </title><part><name index="1" /><value> 91 ([[Ash-Shams]]) </value></part><part><name index="2" /><value>
<template lineStart="1"><title>#ifexpr: (<tplarg><title>1</title><part><name index="1" /><value>1</value></part></tplarg> = 92) </title><part><name index="1" /><value> 92 ([[Al-Lail]]) </value></part><part><name index="2" /><value>
<template lineStart="1"><title>#ifexpr: (<tplarg><title>1</title><part><name index="1" /><value>1</value></part></tplarg> = 93) </title><part><name index="1" /><value> 93 ([[Ad-Dhuha]]) </value></part><part><name index="2" /><value>
<template lineStart="1"><title>#ifexpr: (<tplarg><title>1</title><part><name index="1" /><value>1</value></part></tplarg> = 94) </title><part><name index="1" /><value> 94 ([[Al-Inshirah]]) </value></part><part><name index="2" /><value>
<template lineStart="1"><title>#ifexpr: (<tplarg><title>1</title><part><name index="1" /><value>1</value></part></tplarg> = 95) </title><part><name index="1" /><value> 95 ([[At-Tin]]) </value></part><part><name index="2" /><value>
<template lineStart="1"><title>#ifexpr: (<tplarg><title>1</title><part><name index="1" /><value>1</value></part></tplarg> = 96) </title><part><name index="1" /><value> 96 ([[Al-Alaq]]) </value></part><part><name index="2" /><value>
<template lineStart="1"><title>#ifexpr: (<tplarg><title>1</title><part><name index="1" /><value>1</value></part></tplarg> = 97) </title><part><name index="1" /><value> 97 ([[Al-Qadr]]) </value></part><part><name index="2" /><value>
<template lineStart="1"><title>#ifexpr: (<tplarg><title>1</title><part><name index="1" /><value>1</value></part></tplarg> = 98) </title><part><name index="1" /><value> 98 ([[Al-Bayyina]]) </value></part><part><name index="2" /><value>
<template lineStart="1"><title>#ifexpr: (<tplarg><title>1</title><part><name index="1" /><value>1</value></part></tplarg> = 99) </title><part><name index="1" /><value> 99 ([[Az-Zalzala]]) </value></part><part><name index="2" /><value>
<template lineStart="1"><title>#ifexpr: (<tplarg><title>1</title><part><name index="1" /><value>1</value></part></tplarg> = 100) </title><part><name index="1" /><value> 100 ([[Al-Adiyat]]) </value></part><part><name index="2" /><value>
<template lineStart="1"><title>#ifexpr: (<tplarg><title>1</title><part><name index="1" /><value>1</value></part></tplarg> = 101) </title><part><name index="1" /><value> 101 ([[Al-Qaria]]) </value></part><part><name index="2" /><value>
<template lineStart="1"><title>#ifexpr: (<tplarg><title>1</title><part><name index="1" /><value>1</value></part></tplarg> = 102) </title><part><name index="1" /><value> 102 ([[At-Takathur]]) </value></part><part><name index="2" /><value>
<template lineStart="1"><title>#ifexpr: (<tplarg><title>1</title><part><name index="1" /><value>1</value></part></tplarg> = 103) </title><part><name index="1" /><value> 103 ([[Al-Asr]]) </value></part><part><name index="2" /><value>
<template lineStart="1"><title>#ifexpr: (<tplarg><title>1</title><part><name index="1" /><value>1</value></part></tplarg> = 104) </title><part><name index="1" /><value> 104 ([[Al-Humaza]]) </value></part><part><name index="2" /><value>
<template lineStart="1"><title>#ifexpr: (<tplarg><title>1</title><part><name index="1" /><value>1</value></part></tplarg> = 105) </title><part><name index="1" /><value> 105 ([[Al-Fil]]) </value></part><part><name index="2" /><value>
<template lineStart="1"><title>#ifexpr: (<tplarg><title>1</title><part><name index="1" /><value>1</value></part></tplarg> = 106) </title><part><name index="1" /><value> 106 ([[Quraysh (sura)|Quraysh]]) </value></part><part><name index="2" /><value>
<template lineStart="1"><title>#ifexpr: (<tplarg><title>1</title><part><name index="1" /><value>1</value></part></tplarg> = 107) </title><part><name index="1" /><value> 107 ([[Al-Ma'un]]) </value></part><part><name index="2" /><value>
<template lineStart="1"><title>#ifexpr: (<tplarg><title>1</title><part><name index="1" /><value>1</value></part></tplarg> = 108) </title><part><name index="1" /><value> 108 ([[Al-Kawthar]]) </value></part><part><name index="2" /><value>
<template lineStart="1"><title>#ifexpr: (<tplarg><title>1</title><part><name index="1" /><value>1</value></part></tplarg> = 109) </title><part><name index="1" /><value> 109 ([[Al-Kafirun]]) </value></part><part><name index="2" /><value>
<template lineStart="1"><title>#ifexpr: (<tplarg><title>1</title><part><name index="1" /><value>1</value></part></tplarg> = 110) </title><part><name index="1" /><value> 110 ([[An-Nasr]]) </value></part><part><name index="2" /><value>
<template lineStart="1"><title>#ifexpr: (<tplarg><title>1</title><part><name index="1" /><value>1</value></part></tplarg> = 111) </title><part><name index="1" /><value> 111 ([[Al-Masadd]]) </value></part><part><name index="2" /><value>
<template lineStart="1"><title>#ifexpr: (<tplarg><title>1</title><part><name index="1" /><value>1</value></part></tplarg> = 112) </title><part><name index="1" /><value> 112 ([[Al-Ikhlas]]) </value></part><part><name index="2" /><value>
<template lineStart="1"><title>#ifexpr: (<tplarg><title>1</title><part><name index="1" /><value>1</value></part></tplarg> = 113) </title><part><name index="1" /><value> 113 ([[Al-Falaq]]) </value></part><part><name index="2" /><value>
<template lineStart="1"><title>#ifexpr: (<tplarg><title>1</title><part><name index="1" /><value>1</value></part></tplarg> = 114) </title><part><name index="1" /><value> 114 ([[An-Nas]]) </value></part><part><name index="2" /><value>
error </value></part></template> </value></part></template> </value></part></template> </value></part></template> </value></part></template> </value></part></template> </value></part></template> </value></part></template> </value></part></template> </value></part></template> </value></part></template> </value></part></template> </value></part></template> </value></part></template> </value></part></template> </value></part></template> </value></part></template> </value></part></template> </value></part></template> </value></part></template> </value></part></template> </value></part></template> </value></part></template> </value></part></template> </value></part></template> </value></part></template> </value></part></template> </value></part></template> </value></part></template> </value></part></template> </value></part></template> </value></part></template> </value></part></template> </value></part></template> </value></part></template> </value></part></template> </value></part></template> </value></part></template> </value></part></template> </value></part></template> </value></part></template> </value></part></template> </value></part></template> </value></part></template> </value></part></template> </value></part></template> </value></part></template> </value></part></template> </value></part></template> </value></part></template> </value></part></template> </value></part></template> </value></part></template> </value></part></template> </value></part></template> </value></part></template> </value></part></template> </value></part></template> </value></part></template> </value></part></template> </value></part></template> </value></part></template> </value></part></template> </value></part></template> </value></part></template> </value></part></template> </value></part></template> </value></part></template> </value></part></template> </value></part></template> </value></part></template> </value></part></template> </value></part></template> </value></part></template> </value></part></template> </value></part></template> </value></part></template> </value></part></template> </value></part></template> </value></part></template> </value></part></template> </value></part></template> </value></part></template> </value></part></template> </value></part></template> </value></part></template> </value></part></template> </value></part></template> </value></part></template> </value></part></template> </value></part></template> </value></part></template> </value></part></template> </value></part></template> </value></part></template> </value></part></template> </value></part></template> </value></part></template> </value></part></template> </value></part></template> </value></part></template> </value></part></template> </value></part></template> </value></part></template> </value></part></template> </value></part></template> </value></part></template> </value></part></template> </value></part></template> </value></part></template> </value></part></template> </value></part></template> </value></part></template> </value></part></template>, [[ayat|verse]] [http://www.usc.edu/dept/MSA/quran/<template><title>three digit</title><part><name index="1" /><value><tplarg><title>1</title><part><name index="1" /><value>1</value></part></tplarg></value></part></template>.qmt.html#<template><title>three digit</title><part><name index="1" /><value><tplarg><title>1</title><part><name index="1" /><value>1</value></part></tplarg></value></part></template>.<template><title>three digit</title><part><name index="1" /><value><tplarg><title>2</title><part><name index="1" /><value>1</value></part></tplarg></value></part></template> <tplarg><title>2</title><part><name index="1" /><value>1</value></part></tplarg>]''':'''<template><title>cquote</title><part><name index="1" /><value> <tplarg><title>3</title><part><name index="1" /><value>Default text</value></part></tplarg>&amp;mdash; &lt;small&gt;[[Qur'an translations|translated]] by <template><title>#ifexpr: (<tplarg><title>4</title><part><name index="1" /><value>0</value></part></tplarg> = 0) </title><part><name index="1" /><value> Unknown </value></part><part><name index="2" /><value> 
<template lineStart="1"><title>#ifexpr: (<tplarg><title>4</title><part><name index="1" /><value>0</value></part></tplarg> = 1) </title><part><name index="1" /><value> [[Salman the Persian]] </value></part><part><name index="2" /><value>
<template lineStart="1"><title>#ifexpr: (<tplarg><title>4</title><part><name index="1" /><value>0</value></part></tplarg> = 101) </title><part><name index="1" /><value> [[Marmaduke Pickthall]] </value></part><part><name index="2" /><value>
<template lineStart="1"><title>#ifexpr: (<tplarg><title>4</title><part><name index="1" /><value>0</value></part></tplarg> = 102) </title><part><name index="1" /><value> [[Abdullah Yusuf Ali]] </value></part><part><name index="2" /><value>
<template lineStart="1"><title>#ifexpr: (<tplarg><title>4</title><part><name index="1" /><value>0</value></part></tplarg> = 601) </title><part><name index="1" /><value> [[Muhammad Muhsin Khan]] </value></part><part><name index="2" /><value>
<template lineStart="1"><title>#ifexpr: (<tplarg><title>4</title><part><name index="1" /><value>0</value></part></tplarg> = 701) </title><part><name index="1" /><value> [[Mohammed Habib Shakir|M. H. Shakir]] </value></part><part><name index="2" /><value>
<template lineStart="1"><title>#ifexpr: (<tplarg><title>4</title><part><name index="1" /><value>0</value></part></tplarg> = 901) </title><part><name index="1" /><value> [[Maulana Muhammad Ali]] </value></part><part><name index="2" /><value>
<template lineStart="1"><title>#ifexpr: (<tplarg><title>4</title><part><name index="1" /><value>0</value></part></tplarg> = 902) </title><part><name index="1" /><value> [[Rashad Khalifa]] </value></part><part><name index="2" /><value>
<template lineStart="1"><title>#ifexpr: (<tplarg><title>4</title><part><name index="1" /><value>0</value></part></tplarg> = 1001) </title><part><name index="1" /><value> [[Theodor Bibliander]] </value></part><part><name index="2" /><value>
<template lineStart="1"><title>#ifexpr: (<tplarg><title>4</title><part><name index="1" /><value>0</value></part></tplarg> = 1002) </title><part><name index="1" /><value> [[Robert of Ketton]] </value></part><part><name index="2" /><value>
<template lineStart="1"><title>#ifexpr: (<tplarg><title>4</title><part><name index="1" /><value>0</value></part></tplarg> = 1003) </title><part><name index="1" /><value> [[Andre du Ryer]] </value></part><part><name index="2" /><value>
<template lineStart="1"><title>#ifexpr: (<tplarg><title>4</title><part><name index="1" /><value>0</value></part></tplarg> = 1004) </title><part><name index="1" /><value> [[Alexander Ross (writer)|Alexander Ross]] </value></part><part><name index="2" /><value>
<template lineStart="1"><title>#ifexpr: (<tplarg><title>4</title><part><name index="1" /><value>0</value></part></tplarg> = 1005) </title><part><name index="1" /><value> [[Abraham Hinckelmann]] </value></part><part><name index="2" /><value>
<template lineStart="1"><title>#ifexpr: (<tplarg><title>4</title><part><name index="1" /><value>0</value></part></tplarg> = 1006) </title><part><name index="1" /><value> [[George Sale]] </value></part><part><name index="2" /><value>
<template lineStart="1"><title>#ifexpr: (<tplarg><title>4</title><part><name index="1" /><value>0</value></part></tplarg> = 1007) </title><part><name index="1" /><value> [[John Medows Rodwell]] </value></part><part><name index="2" /><value>
<template lineStart="1"><title>#ifexpr: (<tplarg><title>4</title><part><name index="1" /><value>0</value></part></tplarg> = 1008) </title><part><name index="1" /><value> [[Arthur John Arberry]] </value></part><part><name index="2" /><value>
error </value></part></template> </value></part></template> </value></part></template> </value></part></template> </value></part></template> </value></part></template> </value></part></template> </value></part></template> </value></part></template> </value></part></template> </value></part></template> </value></part></template> </value></part></template> </value></part></template> </value></part></template> </value></part></template>&lt;/small&gt;
<template lineStart="1"><title>#if:<tplarg><title>trans</title><part><name index="1" /><value></value></part></tplarg></title><part><name index="1" /><value>
----
[[Transliteration]]: <tplarg><title>trans</title></tplarg></value></part><part><name index="2" /><value> </value></part></template>
<template lineStart="1"><title>#if:<tplarg><title>arab</title><part><name index="1" /><value></value></part></tplarg></title><part><name index="1" /><value>
----
[[Arabic language|Arabic]]: <tplarg><title>arab</title></tplarg></value></part><part><name index="2" /><value> </value></part></template> </value></part></template>&lt;/font&gt;&lt;/div&gt;

</root>