// Jest Snapshot v1, https://goo.gl/fbAQLP

exports[`UserLinks renders 1`] = `
"<nav class=\\"vector-user-links\\" aria-label=\\"\\" role=\\"navigation\\">
<div id=\\"p-personal-more\\" class=\\"vector-menu mw-portlet mw-portlet-vector-user-menu-overflow vector-user-menu-overflow\\">
	<div class=\\"vector-menu-heading\\">
		Toggle sidebar
	</div>
<div class=\\"vector-menu-content\\">
	
	<ul class=\\"vector-menu-content-list\\">
			<li id=\\"ca-uls\\" class=\\"user-links-collapsible-item mw-list-item active\\"><a href=\\"#\\" class=\\"uls-trigger mw-ui-button mw-ui-quiet\\"><span class=\\"mw-ui-icon mw-ui-icon-wikimedia-language\\"></span> <span>English</span></a></li>
			<li id=\\"pt-userpage-2\\" class=\\"user-links-collapsible-item mw-list-item\\"><a href=\\"/wiki/User:Admin\\" class=\\"mw-ui-button mw-ui-quiet\\" title=\\"Your user page [⌃⌥.]\\" accesskey=\\".\\"><span>Admin</span></a></li>
			<li id=\\"pt-notifications-alert\\" class=\\"mw-list-item\\"><a href=\\"/wiki/Special:Notifications\\" class=\\"mw-echo-notifications-badge mw-echo-notification-badge-nojs oo-ui-icon-bell mw-echo-notifications-badge-all-read\\" data-counter-num=\\"0\\" data-counter-text=\\"0\\" title=\\"Your alerts\\"><span>Alerts (0)</span></a></li>
			<li id=\\"pt-notifications-notice\\" class=\\"mw-list-item\\"><a href=\\"/wiki/Special:Notifications\\" class=\\"mw-echo-notifications-badge mw-echo-notification-badge-nojs oo-ui-icon-tray mw-echo-notifications-badge-all-read\\" data-counter-num=\\"0\\" data-counter-text=\\"0\\" title=\\"Your notices\\"><span>Notices (0)</span></a></li>
			<li id=\\"pt-watchlist-2\\" class=\\"user-links-collapsible-item mw-list-item\\"><a href=\\"/wiki/Special:Watchlist\\" class=\\"mw-ui-button mw-ui-quiet mw-ui-icon mw-ui-icon-element mw-ui-icon-watchlist mw-ui-icon-wikimedia-watchlist\\" title=\\"A list of pages you are monitoring for changes [⌃⌥l]\\" accesskey=\\"l\\"><span>Watchlist</span></a></li>
		</ul>
	
</div>
</div>
<div id=\\"vector-user-links-dropdown\\" class=\\"vector-menu vector-dropdown vector-menu-dropdown vector-user-menu vector-user-menu-logged-in vector-menu-dropdown\\">
	<input type=\\"checkbox\\" id=\\"vector-user-links-dropdown-checkbox\\" role=\\"button\\" aria-haspopup=\\"true\\" data-event-name=\\"ui.dropdown-vector-user-links-dropdown\\" class=\\"vector-menu-checkbox\\" aria-label=\\"Personal tools\\">
	<label id=\\"vector-user-links-dropdown-label\\" for=\\"vector-user-links-dropdown-checkbox\\" class=\\"vector-menu-heading\\" aria-hidden=\\"true\\">
		<span class=\\"vector-menu-heading-label\\">Personal tools</span>
	</label>
	<div class=\\"vector-menu-content vector-dropdown-content\\">

<div id=\\"p-personal\\" class=\\"vector-menu mw-portlet mw-portlet-personal\\">
<div class=\\"vector-menu-content\\">
	
	<ul class=\\"vector-menu-content-list\\">
			<li id=\\"pt-userpage\\" class=\\"user-links-collapsible-item mw-list-item\\"><a href=\\"/wiki/User:Admin\\" title=\\"Your user page [.]\\" accesskey=\\".\\"><span class=\\"mw-ui-icon mw-ui-icon-userAvatar mw-ui-icon-wikimedia-userAvatar\\"></span> <span>Admin</span></a></li>
			<li id=\\"pt-mytalk\\" class=\\"mw-list-item\\"><a href=\\"/wiki/User_talk:Admin\\" title=\\"Your talk page [n]\\" accesskey=\\"n\\"><span class=\\"mw-ui-icon mw-ui-icon-userTalk mw-ui-icon-wikimedia-userTalk\\"></span> <span>Talk</span></a></li>
			<li id=\\"pt-sandbox\\" class=\\"new mw-list-item\\"><a href=\\"/w/index.php?title=User:Admin/sandbox&amp;action=edit&amp;redlink=1\\" title=\\"Your sandbox (page does not exist)\\"><span class=\\"mw-ui-icon mw-ui-icon-sandbox mw-ui-icon-wikimedia-sandbox\\"></span> <span>Sandbox</span></a></li>
			<li id=\\"pt-preferences\\" class=\\"mw-list-item\\"><a href=\\"/wiki/Special:Preferences\\" title=\\"Your preferences\\"><span class=\\"mw-ui-icon mw-ui-icon-settings mw-ui-icon-wikimedia-settings\\"></span> <span>Preferences</span></a></li>
			<li id=\\"pt-betafeatures\\" class=\\"mw-list-item\\"><a href=\\"/wiki/Special:Preferences#mw-prefsection-betafeatures\\" title=\\"Beta features\\"><span class=\\"mw-ui-icon mw-ui-icon-labFlask mw-ui-icon-wikimedia-labFlask\\"></span> <span>Beta</span></a></li>
			<li id=\\"pt-watchlist\\" class=\\"user-links-collapsible-item mw-list-item\\"><a href=\\"/wiki/Special:Watchlist\\" title=\\"A list of pages you are monitoring for changes [l]\\" accesskey=\\"l\\"><span class=\\"mw-ui-icon mw-ui-icon-watchlist mw-ui-icon-wikimedia-watchlist\\"></span> <span>Watchlist</span></a></li>
			<li id=\\"pt-uploads\\" class=\\"mw-list-item\\"><a href=\\"/w/index.php?title=Special:ListFiles/Admin&amp;ilshowall=1\\" title=\\"List of files you have uploaded\\"><span class=\\"mw-ui-icon mw-ui-icon-imageGallery mw-ui-icon-wikimedia-imageGallery\\"></span> <span>Uploads</span></a></li>
			<li id=\\"pt-mycontris\\" class=\\"mw-list-item\\"><a href=\\"/wiki/Special:Contributions/Admin\\" title=\\"A list of your contributions [y]\\" accesskey=\\"y\\"><span class=\\"mw-ui-icon mw-ui-icon-userContributions mw-ui-icon-wikimedia-userContributions\\"></span> <span>Contributions</span></a></li>
			<li id=\\"pt-custom\\" class=\\"mw-list-item mw-list-item-js\\">Gadget added item</li>
		</ul>
	
</div>
</div>
<div id=\\"p-user-menu-logout\\" class=\\"vector-menu mw-portlet mw-portlet-user-menu-logout\\">
<div class=\\"vector-menu-content\\">
	
	<ul class=\\"vector-menu-content-list\\">
			<li id=\\"ca-logout\\" class=\\"mw-list-item\\"><a data-mw=\\"interface\\" href=\\"/w/index.php?title=Special:UserLogout&amp;returnto=Main+Page\\" title=\\"Log out\\"><span class=\\"mw-ui-icon mw-ui-icon-logOut mw-ui-icon-wikimedia-logOut\\"></span> <span>Log out</span></a></li>
		</ul>
	
</div>
</div>
	</div>
</div></nav>
"
`;
